// Jest Snapshot v1, https://goo.gl/fbAQLP

exports[`<Nav /> Render Nav 1`] = `
<nav
  class="navbar navbar-expand-lg navbar-dark bg-dark"
>
  <div
    class="container"
  >
    <a
      class="navbar-brand"
      href="/"
    >
      Rick And Morty
    </a>
    <button
      aria-controls="basic-navbar-nav"
      aria-label="Toggle navigation"
      class="navbar-toggler collapsed"
      type="button"
    >
      <span
        class="navbar-toggler-icon"
      />
    </button>
    <div
      class="navbar-collapse collapse"
      id="basic-navbar-nav"
    >
      <div
        class="ms-auto navbar-nav"
      >
        <a
          class="nav-link"
          href="/"
        >
          Home
        </a>
        <a
          class="nav-link"
          href="/favorites"
        >
          Favorites
        </a>
      </div>
    </div>
  </div>
</nav>
`;
